<?xml version="1.0" encoding="UTF-8"?>
<testsuites name="jest tests" tests="1" failures="1" time="3.813">
  <testsuite name="App" errors="0" failures="1" skipped="0" timestamp="2019-09-20T08:17:59" time="2.946" tests="1">
    <testcase classname="App should match with snapshot" name="App should match with snapshot" time="0.052">
      <failure>TypeError: The &quot;path&quot; argument must be of type string. Received type objectTypeError [ERR_INVALID_ARG_TYPE]: The &quot;path&quot; argument must be of type string. Received type object
    at validateString (internal/validators.js:112:11)
    at Object.extname (path.js:1231:5)
    at Object.&lt;anonymous&gt;.module.exports (/Users/keni.lam/Documents/Work/Ki.CL/node_modules/is-image/index.js:7:50)
    at Fetch (/Users/keni.lam/Documents/Work/Ki.CL/project/src/Helper/Fetch.tsx:20:7)
    at /Users/keni.lam/Documents/Work/Ki.CL/project/src/Component/Asynchronizer/index.tsx:27:33
    at commitHookEffectList (/Users/keni.lam/Documents/Work/Ki.CL/node_modules/react-dom/cjs/react-dom.development.js:19986:26)
    at commitPassiveHookEffects (/Users/keni.lam/Documents/Work/Ki.CL/node_modules/react-dom/cjs/react-dom.development.js:20016:11)
    at HTMLUnknownElement.callCallback (/Users/keni.lam/Documents/Work/Ki.CL/node_modules/react-dom/cjs/react-dom.development.js:347:14)
    at innerInvokeEventListeners (/Users/keni.lam/Documents/Work/Ki.CL/node_modules/jest-environment-jsdom-fourteen/node_modules/jsdom/lib/jsdom/living/events/EventTarget-impl.js:315:27)
    at invokeEventListeners (/Users/keni.lam/Documents/Work/Ki.CL/node_modules/jest-environment-jsdom-fourteen/node_modules/jsdom/lib/jsdom/living/events/EventTarget-impl.js:266:3)</failure>
    </testcase>
  </testsuite>
</testsuites>